exports[`test styles the button with a background of the context color 1`] = `
<Button>
  <button
    style={
      Object {
        "background": "blue"
      }
    }>
    Click Me
  </button>
</Button>
`;
